[  7%] Building CXX object CMakeFiles/bot.dir/src/bot.cpp.o
[ 14%] Building CXX object CMakeFiles/buggy_engine.dir/demo/buggy_engine.cpp.o
[ 21%] Building CXX object CMakeFiles/refengine.dir/src/reference_engine.cpp.o
[ 28%] Building CXX object CMakeFiles/test_order_book.dir/test/test_order_book.cpp.o
[ 35%] Building CXX object CMakeFiles/null_responder.dir/src/null_responder.cpp.o
[ 42%] Building CXX object CMakeFiles/refserver.dir/src/reference_server.cpp.o
[ 50%] Building CXX object CMakeFiles/hdr_merge.dir/src/hdr_merge.cpp.o
[ 57%] Linking CXX executable refengine
[ 64%] Linking CXX executable test_order_book
[ 71%] Linking CXX executable buggy_engine
lto-wrapper: warning: using serial compilation of 2 LTRANS jobs
lto-wrapper: note: see the ‘-flto’ option documentation for more information
[ 78%] Linking CXX executable hdr_merge
[ 78%] Built target refengine
[ 78%] Built target buggy_engine
[ 85%] Linking CXX executable null_responder
[ 85%] Built target null_responder
[ 92%] Linking CXX executable bot
[100%] Linking CXX executable refserver
[100%] Built target test_order_book
[100%] Built target bot
[100%] Built target refserver
[100%] Built target hdr_merge

=== Results: 19/19 passed ===

